[    0.000000] Linux version 4.15.0-143-generic (buildd@lcy01-amd64-001) (gcc version 7.5.0 (Ubuntu 7.5.0-3ubuntu1~18.04)) #147-Ubuntu SMP Wed Apr 14 16:10:11 UTC 2021 (Ubuntu 4.15.0-143.147-generic 4.15.18)
[    0.000000] Command line: BOOT_IMAGE=/boot/vmlinuz-4.15.0-143-generic root=LABEL=cloudimg-rootfs ro console=tty1 console=ttyS0
[    0.000000] KERNEL supported cpus:
[    0.000000]   Intel GenuineIntel
[    0.000000]   AMD AuthenticAMD
[    0.000000]   Centaur CentaurHauls
[    0.000000] x86/fpu: Supporting XSAVE feature 0x001: 'x87 floating point registers'
[    0.000000] x86/fpu: Supporting XSAVE feature 0x002: 'SSE registers'
[    0.000000] x86/fpu: Supporting XSAVE feature 0x004: 'AVX registers'
[    0.000000] x86/fpu: xstate_offset[2]:  576, xstate_sizes[2]:  256
[    0.000000] x86/fpu: Enabled xstate features 0x7, context size is 832 bytes, using 'standard' format.
[    0.000000] e820: BIOS-provided physical RAM map:
[    0.000000] BIOS-e820: [mem 0x0000000000000000-0x000000000009fbff] usable
[    0.000000] BIOS-e820: [mem 0x000000000009fc00-0x000000000009ffff] reserved
[    0.000000] BIOS-e820: [mem 0x00000000000f0000-0x00000000000fffff] reserved
[    0.000000] BIOS-e820: [mem 0x0000000000100000-0x000000007ffeffff] usable
[    0.000000] BIOS-e820: [mem 0x000000007fff0000-0x000000007fffffff] ACPI data
[    0.000000] BIOS-e820: [mem 0x00000000fec00000-0x00000000fec00fff] reserved
[    0.000000] BIOS-e820: [mem 0x00000000fee00000-0x00000000fee00fff] reserved
[    0.000000] BIOS-e820: [mem 0x00000000fffc0000-0x00000000ffffffff] reserved
[    0.000000] NX (Execute Disable) protection: active
[    0.000000] SMBIOS 2.5 present.
[    0.000000] DMI: innotek GmbH VirtualBox/VirtualBox, BIOS VirtualBox 12/01/2006
[    0.000000] Hypervisor detected: KVM
[    0.000000] e820: last_pfn = 0x7fff0 max_arch_pfn = 0x400000000
[    0.000000] MTRR: Disabled
[    0.000000] x86/PAT: MTRRs disabled, skipping PAT initialization too.
[    0.000000] CPU MTRRs all blank - virtualized system.
[    0.000000] x86/PAT: Configuration [0-7]: WB  WT  UC- UC  WB  WT  UC- UC  
[    0.000000] found SMP MP-table at [mem 0x0009fff0-0x0009ffff]
[    0.000000] Scanning 1 areas for low memory corruption
[    0.000000] RAMDISK: [mem 0x35817000-0x36c02fff]
[    0.000000] ACPI: Early table checksum verification disabled
[    0.000000] ACPI: RSDP 0x00000000000E0000 000024 (v02 VBOX  )
[    0.000000] ACPI: XSDT 0x000000007FFF0030 00003C (v01 VBOX   VBOXXSDT 00000001 ASL  00000061)
[    0.000000] ACPI: FACP 0x000000007FFF00F0 0000F4 (v04 VBOX   VBOXFACP 00000001 ASL  00000061)
[    0.000000] ACPI: DSDT 0x000000007FFF0470 002325 (v02 VBOX   VBOXBIOS 00000002 INTL 20100528)
[    0.000000] ACPI: FACS 0x000000007FFF0200 000040
[    0.000000] ACPI: FACS 0x000000007FFF0200 000040
[    0.000000] ACPI: APIC 0x000000007FFF0240 000054 (v02 VBOX   VBOXAPIC 00000001 ASL  00000061)
[    0.000000] ACPI: SSDT 0x000000007FFF02A0 0001CC (v01 VBOX   VBOXCPUT 00000002 INTL 20100528)
[    0.000000] No NUMA configuration found
[    0.000000] Faking a node at [mem 0x0000000000000000-0x000000007ffeffff]
[    0.000000] NODE_DATA(0) allocated [mem 0x7ffc5000-0x7ffeffff]
[    0.000000] kvm-clock: cpu 0, msr 0:7ff44001, primary cpu clock
[    0.000000] kvm-clock: Using msrs 4b564d01 and 4b564d00
[    0.000000] kvm-clock: using sched offset of 5157657720 cycles
[    0.000000] clocksource: kvm-clock: mask: 0xffffffffffffffff max_cycles: 0x1cd42e4dffb, max_idle_ns: 881590591483 ns
[    0.000000] Zone ranges:
[    0.000000]   DMA      [mem 0x0000000000001000-0x0000000000ffffff]
[    0.000000]   DMA32    [mem 0x0000000001000000-0x000000007ffeffff]
[    0.000000]   Normal   empty
[    0.000000]   Device   empty
[    0.000000] Movable zone start for each node
[    0.000000] Early memory node ranges
[    0.000000]   node   0: [mem 0x0000000000001000-0x000000000009efff]
[    0.000000]   node   0: [mem 0x0000000000100000-0x000000007ffeffff]
[    0.000000] Reserved but unavailable: 98 pages
[    0.000000] Initmem setup node 0 [mem 0x0000000000001000-0x000000007ffeffff]
[    0.000000] ACPI: PM-Timer IO Port: 0x4008
[    0.000000] IOAPIC[0]: apic_id 1, version 32, address 0xfec00000, GSI 0-23
[    0.000000] ACPI: INT_SRC_OVR (bus 0 bus_irq 0 global_irq 2 dfl dfl)
[    0.000000] ACPI: INT_SRC_OVR (bus 0 bus_irq 9 global_irq 9 low level)
[    0.000000] Using ACPI (MADT) for SMP configuration information
[    0.000000] smpboot: Allowing 1 CPUs, 0 hotplug CPUs
[    0.000000] PM: Registered nosave memory: [mem 0x00000000-0x00000fff]
[    0.000000] PM: Registered nosave memory: [mem 0x0009f000-0x0009ffff]
[    0.000000] PM: Registered nosave memory: [mem 0x000a0000-0x000effff]
[    0.000000] PM: Registered nosave memory: [mem 0x000f0000-0x000fffff]
[    0.000000] e820: [mem 0x80000000-0xfebfffff] available for PCI devices
[    0.000000] Booting paravirtualized kernel on KVM
[    0.000000] clocksource: refined-jiffies: mask: 0xffffffff max_cycles: 0xffffffff, max_idle_ns: 7645519600211568 ns
[    0.000000] random: get_random_bytes called from start_kernel+0x99/0x500 with crng_init=0
[    0.000000] setup_percpu: NR_CPUS:8192 nr_cpumask_bits:1 nr_cpu_ids:1 nr_node_ids:1
[    0.000000] percpu: Embedded 45 pages/cpu s147456 r8192 d28672 u2097152
[    0.000000] PV qspinlock hash table entries: 256 (order: 0, 4096 bytes)
[    0.000000] Built 1 zonelists, mobility grouping on.  Total pages: 515961
[    0.000000] Policy zone: DMA32
[    0.000000] Kernel command line: BOOT_IMAGE=/boot/vmlinuz-4.15.0-143-generic root=LABEL=cloudimg-rootfs ro console=tty1 console=ttyS0
[    0.000000] Memory: 2014212K/2096696K available (12300K kernel code, 2483K rwdata, 4316K rodata, 2444K init, 2724K bss, 82484K reserved, 0K cma-reserved)
[    0.000000] SLUB: HWalign=64, Order=0-3, MinObjects=0, CPUs=1, Nodes=1
[    0.000000] Kernel/User page tables isolation: enabled
[    0.000000] ftrace: allocating 39437 entries in 155 pages
[    0.004000] Hierarchical RCU implementation.
[    0.004000] 	RCU restricting CPUs from NR_CPUS=8192 to nr_cpu_ids=1.
[    0.004000] 	Tasks RCU enabled.
[    0.004000] RCU: Adjusting geometry for rcu_fanout_leaf=16, nr_cpu_ids=1
[    0.004000] NR_IRQS: 524544, nr_irqs: 256, preallocated irqs: 16
[    0.004000] Console: colour VGA+ 80x25
[    0.004000] console [tty1] enabled
[    0.004000] console [ttyS0] enabled
[    0.004000] ACPI: Core revision 20170831
[    0.004000] ACPI: 2 ACPI AML tables successfully acquired and loaded
[    0.004000] APIC: Switch to symmetric I/O mode setup
[    0.004000] x2apic enabled
[    0.004000] Switched APIC routing to physical x2apic.
[    0.004000] ..TIMER: vector=0x30 apic1=0 pin1=2 apic2=-1 pin2=-1
[    0.004005] tsc: Detected 2592.000 MHz processor
[    0.008009] Calibrating delay loop (skipped) preset value.. 5184.00 BogoMIPS (lpj=10368000)
[    0.009821] pid_max: default: 32768 minimum: 301
[    0.010967] Security Framework initialized
[    0.012003] Yama: becoming mindful.
[    0.012940] AppArmor: AppArmor initialized
[    0.016030] Dentry cache hash table entries: 262144 (order: 9, 2097152 bytes)
[    0.024041] Inode-cache hash table entries: 131072 (order: 8, 1048576 bytes)
[    0.028023] Mount-cache hash table entries: 4096 (order: 3, 32768 bytes)
[    0.032007] Mountpoint-cache hash table entries: 4096 (order: 3, 32768 bytes)
[    0.034022] process: using mwait in idle threads
[    0.035111] Last level iTLB entries: 4KB 64, 2MB 8, 4MB 8
[    0.036004] Last level dTLB entries: 4KB 64, 2MB 0, 4MB 0, 1GB 4
[    0.038023] Spectre V1 : Mitigation: usercopy/swapgs barriers and __user pointer sanitization
[    0.040005] Spectre V2 : Mitigation: Full generic retpoline
[    0.041795] Spectre V2 : Spectre v2 / SpectreRSB mitigation: Filling RSB on context switch
[    0.044002] Speculative Store Bypass: Vulnerable
[    0.045096] SRBDS: Unknown: Dependent on hypervisor status
[    0.046372] MDS: Mitigation: Clear CPU buffers
[    0.060173] Freeing SMP alternatives memory: 36K
[    0.172171] smpboot: CPU0: Intel(R) Core(TM) i7-9750H CPU @ 2.60GHz (family: 0x6, model: 0x9e, stepping: 0xa)
[    0.174668] Performance Events: unsupported p6 CPU model 158 no PMU driver, software events only.
[    0.176050] Hierarchical SRCU implementation.
[    0.177953] NMI watchdog: Perf event create on CPU 0 failed with -2
[    0.180002] NMI watchdog: Perf NMI watchdog permanently disabled
[    0.181477] smp: Bringing up secondary CPUs ...
[    0.182543] smp: Brought up 1 node, 1 CPU
[    0.183673] smpboot: Max logical packages: 1
[    0.184005] smpboot: Total of 1 processors activated (5184.00 BogoMIPS)
[    0.185689] devtmpfs: initialized
[    0.186664] x86/mm: Memory block size: 128MB
[    0.188260] evm: security.selinux
[    0.189144] evm: security.SMACK64
[    0.189909] evm: security.SMACK64EXEC
[    0.191016] evm: security.SMACK64TRANSMUTE
[    0.192008] evm: security.SMACK64MMAP
[    0.192915] evm: security.apparmor
[    0.193852] evm: security.ima
[    0.194571] evm: security.capability
[    0.196132] clocksource: jiffies: mask: 0xffffffff max_cycles: 0xffffffff, max_idle_ns: 7645041785100000 ns
[    0.198534] futex hash table entries: 256 (order: 2, 16384 bytes)
[    0.200047] pinctrl core: initialized pinctrl subsystem
[    0.201390] RTC time: 19:51:28, date: 05/28/21
[    0.202679] NET: Registered protocol family 16
[    0.204091] audit: initializing netlink subsys (disabled)
[    0.205614] cpuidle: using governor ladder
[    0.206624] cpuidle: using governor menu
[    0.207677] ACPI: bus type PCI registered
[    0.208004] acpiphp: ACPI Hot Plug PCI Controller Driver version: 0.5
[    0.209814] PCI: Using configuration type 1 for base access
[    0.212042] audit: type=2000 audit(1622231495.024:1): state=initialized audit_enabled=0 res=1
[    0.216807] HugeTLB registered 2.00 MiB page size, pre-allocated 0 pages
[    0.218705] ACPI: Added _OSI(Module Device)
[    0.219875] ACPI: Added _OSI(Processor Device)
[    0.220008] ACPI: Added _OSI(3.0 _SCP Extensions)
[    0.221286] ACPI: Added _OSI(Processor Aggregator Device)
[    0.222643] ACPI: Added _OSI(Linux-Dell-Video)
[    0.224008] ACPI: Added _OSI(Linux-Lenovo-NV-HDMI-Audio)
[    0.225345] ACPI: Added _OSI(Linux-HPI-Hybrid-Graphics)
[    0.228062] ACPI: Executed 1 blocks of module-level executable AML code
[    0.234943] ACPI: Interpreter enabled
[    0.235900] ACPI: (supports S0 S5)
[    0.236004] ACPI: Using IOAPIC for interrupt routing
[    0.237595] PCI: Using host bridge windows from ACPI; if necessary, use "pci=nocrs" and report a bug
[    0.240250] ACPI: Enabled 2 GPEs in block 00 to 07
[    0.260920] ACPI: PCI Root Bridge [PCI0] (domain 0000 [bus 00-ff])
[    0.263481] acpi PNP0A03:00: _OSC: OS supports [ASPM ClockPM Segments MSI]
[    0.265010] acpi PNP0A03:00: _OSC: not requesting OS control; OS requires [ExtendedConfig ASPM ClockPM MSI]
[    0.268024] acpi PNP0A03:00: fail to add MMCONFIG information, can't access extended PCI configuration space under this bridge.
[    0.272510] PCI host bridge to bus 0000:00
[    0.273624] pci_bus 0000:00: root bus resource [io  0x0000-0x0cf7 window]
[    0.276005] pci_bus 0000:00: root bus resource [io  0x0d00-0xffff window]
[    0.277551] pci_bus 0000:00: root bus resource [mem 0x000a0000-0x000bffff window]
[    0.279489] pci_bus 0000:00: root bus resource [mem 0x80000000-0xfdffffff window]
[    0.280006] pci_bus 0000:00: root bus resource [bus 00-ff]
[    0.286083] pci 0000:00:01.1: legacy IDE quirk: reg 0x10: [io  0x01f0-0x01f7]
[    0.287815] pci 0000:00:01.1: legacy IDE quirk: reg 0x14: [io  0x03f6]
[    0.288005] pci 0000:00:01.1: legacy IDE quirk: reg 0x18: [io  0x0170-0x0177]
[    0.290305] pci 0000:00:01.1: legacy IDE quirk: reg 0x1c: [io  0x0376]
[    0.316385] pci 0000:00:07.0: quirk: [io  0x4000-0x403f] claimed by PIIX4 ACPI
[    0.319486] pci 0000:00:07.0: quirk: [io  0x4100-0x410f] claimed by PIIX4 SMB
[    0.341560] ACPI: PCI Interrupt Link [LNKA] (IRQs 5 9 10 *11)
[    0.344199] ACPI: PCI Interrupt Link [LNKB] (IRQs 5 9 *10 11)
[    0.346223] ACPI: PCI Interrupt Link [LNKC] (IRQs 5 *9 10 11)
[    0.348178] ACPI: PCI Interrupt Link [LNKD] (IRQs 5 9 10 *11)
[    0.350717] SCSI subsystem initialized
[    0.352000] pci 0000:00:02.0: vgaarb: setting as boot VGA device
[    0.352000] pci 0000:00:02.0: vgaarb: VGA device added: decodes=io+mem,owns=io+mem,locks=none
[    0.352010] pci 0000:00:02.0: vgaarb: bridge control possible
[    0.356005] vgaarb: loaded
[    0.356897] ACPI: bus type USB registered
[    0.358127] usbcore: registered new interface driver usbfs
[    0.360026] usbcore: registered new interface driver hub
[    0.364020] usbcore: registered new device driver usb
[    0.366686] EDAC MC: Ver: 3.0.0
[    0.368680] PCI: Using ACPI for IRQ routing
[    0.372180] NetLabel: Initializing
[    0.373677] NetLabel:  domain hash size = 128
[    0.375225] NetLabel:  protocols = UNLABELED CIPSOv4 CALIPSO
[    0.376049] NetLabel:  unlabeled traffic allowed by default
[    0.380170] clocksource: Switched to clocksource kvm-clock
[    0.472635] VFS: Disk quotas dquot_6.6.0
[    0.474795] VFS: Dquot-cache hash table entries: 512 (order 0, 4096 bytes)
[    0.478743] AppArmor: AppArmor Filesystem Enabled
[    0.481091] pnp: PnP ACPI init
[    0.485360] pnp: PnP ACPI: found 3 devices
[    0.494586] clocksource: acpi_pm: mask: 0xffffff max_cycles: 0xffffff, max_idle_ns: 2085701024 ns
[    0.498941] NET: Registered protocol family 2
[    0.501525] TCP established hash table entries: 16384 (order: 5, 131072 bytes)
[    0.504919] TCP bind hash table entries: 16384 (order: 6, 262144 bytes)
[    0.508100] TCP: Hash tables configured (established 16384 bind 16384)
[    0.511461] UDP hash table entries: 1024 (order: 3, 32768 bytes)
[    0.514298] UDP-Lite hash table entries: 1024 (order: 3, 32768 bytes)
[    0.517560] NET: Registered protocol family 1
[    0.520465] pci 0000:00:00.0: Limiting direct PCI/PCI transfers
[    0.524047] pci 0000:00:01.0: Activating ISA DMA hang workarounds
[    0.527148] pci 0000:00:02.0: Video device with shadowed ROM at [mem 0x000c0000-0x000dffff]
[    0.531606] Unpacking initramfs...
[    1.520478] Freeing initrd memory: 20400K
[    1.522639] clocksource: tsc: mask: 0xffffffffffffffff max_cycles: 0x255cb6cc5db, max_idle_ns: 440795203504 ns
[    1.526642] platform rtc_cmos: registered platform RTC device (no PNP device found)
[    1.529162] Scanning for low memory corruption every 60 seconds
[    1.532241] Initialise system trusted keyrings
[    1.533738] Key type blacklist registered
[    1.534730] workingset: timestamp_bits=36 max_order=19 bucket_order=0
[    1.555502] zbud: loaded
[    1.557106] squashfs: version 4.0 (2009/01/31) Phillip Lougher
[    1.558705] fuse init (API version 7.26)
[    1.560543] Key type asymmetric registered
[    1.566118] Asymmetric key parser 'x509' registered
[    1.567556] Block layer SCSI generic (bsg) driver version 0.4 loaded (major 246)
[    1.569294] io scheduler noop registered
[    1.570364] io scheduler deadline registered
[    1.571505] io scheduler cfq registered (default)
[    1.572900] ACPI: AC Adapter [AC] (off-line)
[    1.574132] input: Power Button as /devices/LNXSYSTM:00/LNXPWRBN:00/input/input0
[    1.575989] ACPI: Power Button [PWRF]
[    1.577069] input: Sleep Button as /devices/LNXSYSTM:00/LNXSLPBN:00/input/input1
[    1.579026] ACPI: Sleep Button [SLPF]
[    1.581199] ACPI: Battery Slot [BAT0] (battery present)
[    1.583728] Serial: 8250/16550 driver, 32 ports, IRQ sharing enabled
[    1.606732] 00:02: ttyS0 at I/O 0x3f8 (irq = 4, base_baud = 115200) is a 16550A
[    1.610463] Linux agpgart interface v0.103
[    1.622460] loop: module loaded
[    1.624058] scsi host0: ata_piix
[    1.625266] scsi host1: ata_piix
[    1.626152] ata1: PATA max UDMA/33 cmd 0x1f0 ctl 0x3f6 bmdma 0xd000 irq 14
[    1.627899] ata2: PATA max UDMA/33 cmd 0x170 ctl 0x376 bmdma 0xd008 irq 15
[    1.630194] libphy: Fixed MDIO Bus: probed
[    1.631360] tun: Universal TUN/TAP device driver, 1.6
[    1.632852] PPP generic driver version 2.4.2
[    1.633894] ehci_hcd: USB 2.0 'Enhanced' Host Controller (EHCI) Driver
[    1.635480] ehci-pci: EHCI PCI platform driver
[    1.636710] ehci-platform: EHCI generic platform driver
[    1.638207] ohci_hcd: USB 1.1 'Open' Host Controller (OHCI) Driver
[    1.639574] ohci-pci: OHCI PCI platform driver
[    1.640693] ohci-platform: OHCI generic platform driver
[    1.641968] uhci_hcd: USB Universal Host Controller Interface driver
[    1.644314] i8042: PNP: PS/2 Controller [PNP0303:PS2K,PNP0f03:PS2M] at 0x60,0x64 irq 1,12
[    1.647871] serio: i8042 KBD port at 0x60,0x64 irq 1
[    1.649434] serio: i8042 AUX port at 0x60,0x64 irq 12
[    1.650833] mousedev: PS/2 mouse device common for all mice
[    1.652938] input: AT Translated Set 2 keyboard as /devices/platform/i8042/serio0/input/input2
[    1.655600] rtc_cmos rtc_cmos: rtc core: registered rtc_cmos as rtc0
[    1.657228] rtc_cmos rtc_cmos: alarms up to one day, 114 bytes nvram
[    1.658707] i2c /dev entries driver
[    1.659610] device-mapper: uevent: version 1.0.3
[    1.660893] device-mapper: ioctl: 4.37.0-ioctl (2017-09-20) initialised: dm-devel@redhat.com
[    1.662995] ledtrig-cpu: registered to indicate activity on CPUs
[    1.664479] intel_pmc_core:  initialized
[    1.665829] NET: Registered protocol family 10
[    1.670243] Segment Routing with IPv6
[    1.671287] NET: Registered protocol family 17
[    1.672577] Key type dns_resolver registered
[    1.673868] mce: Using 0 MCE banks
[    1.674772] RAS: Correctable Errors collector initialized.
[    1.676101] sched_clock: Marking stable (1672511091, 0)->(2077693355, -405182264)
[    1.678401] registered taskstats version 1
[    1.679489] Loading compiled-in X.509 certificates
[    1.683118] Loaded X.509 cert 'Build time autogenerated kernel key: de118354fe72448b469776565e76ac30c08e8db2'
[    1.686178] Loaded X.509 cert 'Canonical Ltd. Live Patch Signing: 14df34d1a87cf37625abec039ef2bf521249b969'
[    1.689883] Loaded X.509 cert 'Canonical Ltd. Kernel Module Signing: 88f752e560a1e0737e31163a466ad7b70a850c19'
[    1.692443] zswap: loaded using pool lzo/zbud
[    1.698031] Key type big_key registered
[    1.699480] Key type trusted registered
[    1.703652] Key type encrypted registered
[    1.705516] AppArmor: AppArmor sha1 policy hashing enabled
[    1.706926] ima: No TPM chip found, activating TPM-bypass! (rc=-19)
[    1.708841] ima: Allocated hash algorithm: sha1
[    1.710590] evm: HMAC attrs: 0x1
[    1.712617]   Magic number: 5:454:901
[    1.713731]   hash matches /build/linux-jGpggQ/linux-4.15.0/drivers/base/power/main.c:1181
[    1.716780] clocksource clocksource0: hash matches
[    1.718638] acpi PNP0501:01: hash matches
[    1.720370] rtc_cmos rtc_cmos: setting system clock to 2021-05-28 19:51:30 UTC (1622231490)
[    1.723571] BIOS EDD facility v0.16 2004-Jun-25, 0 devices found
[    1.725152] EDD information not available.
[    1.817469] Freeing unused kernel image memory: 2444K
[    1.824964] Write protecting the kernel read-only data: 20480k
[    1.827144] Freeing unused kernel image memory: 2008K
[    1.829449] Freeing unused kernel image memory: 1828K
[    1.842562] x86/mm: Checked W+X mappings: passed, no W+X pages found.
[    1.844037] x86/mm: Checking user space page tables
[    1.860191] x86/mm: Checked W+X mappings: passed, no W+X pages found.
Loading, please wait...
starting version 237
[    2.030659] Fusion MPT base driver 3.04.20
[    2.032034] Copyright (c) 1999-2008 LSI Corporation
[    2.041239] e1000: Intel(R) PRO/1000 Network Driver - version 7.3.21-k8-NAPI
[    2.043120] e1000: Copyright (c) 1999-2006 Intel Corporation.
[    2.075019] AVX2 version of gcm_enc/dec engaged.
[    2.076183] AES CTR mode by8 optimization enabled
[    2.078337] Fusion MPT SPI Host driver 3.04.20
[    2.152682] vboxvideo: loading out-of-tree module taints kernel.
[    2.154231] vboxvideo: module verification failed: signature and/or required key missing - tainting kernel
[    2.242207] input: ImExPS/2 Generic Explorer Mouse as /devices/platform/i8042/serio1/input/input4
[    2.563687] e1000 0000:00:03.0 eth0: (PCI:33MHz:32-bit) 02:79:d1:66:99:96
[    2.566091] e1000 0000:00:03.0 eth0: Intel(R) PRO/1000 Network Connection
[    2.569643] mptbase: ioc0: Initiating bringup
[    2.664446] ioc0: LSI53C1030 A0: Capabilities={Initiator}
[    2.908225] scsi host2: ioc0: LSI53C1030 A0, FwRev=00000000h, Ports=1, MaxQ=256, IRQ=20
[    3.077131] scsi 2:0:0:0: Direct-Access     VBOX     HARDDISK         1.0  PQ: 0 ANSI: 5
[    3.079324] scsi target2:0:0: Beginning Domain Validation
[    3.082794] [drm] VRAM 01000000
[    3.087065] random: fast init done
[    3.089458] scsi target2:0:0: Domain Validation skipping write tests
[    3.093171] scsi target2:0:0: Ending Domain Validation
[    3.095835] [TTM] Zone  kernel: Available graphics memory: 1020464 kiB
[    3.099601] [TTM] Initializing pool allocator
[    3.101722] scsi target2:0:0: asynchronous
[    3.103231] [TTM] Initializing DMA pool allocator
[    3.105992] random: systemd-udevd: uninitialized urandom read (16 bytes read)
[    3.108926] scsi 2:0:1:0: Direct-Access     VBOX     HARDDISK         1.0  PQ: 0 ANSI: 5
[    3.111468] scsi target2:0:1: Beginning Domain Validation
[    3.113830] random: systemd-udevd: uninitialized urandom read (16 bytes read)
[    3.120627] fbcon: vboxdrmfb (fb0) is primary device
[    3.123739] Console: switching to colour frame buffer device 100x37
[    3.128817] random: systemd-udevd: uninitialized urandom read (16 bytes read)
[    3.131728] scsi target2:0:1: Domain Validation skipping write tests
[    3.131730] scsi target2:0:1: Ending Domain Validation
[    3.131837] scsi target2:0:1: asynchronous
[    3.138088] vboxvideo 0000:00:02.0: fb0: vboxdrmfb frame buffer device
[    3.139764] [drm] Initialized vboxvideo 1.0.0 20130823 for 0000:00:02.0 on minor 0
[    3.145650] sd 2:0:0:0: Attached scsi generic sg0 type 0
[    3.147011] sd 2:0:0:0: [sda] 83886080 512-byte logical blocks: (42.9 GB/40.0 GiB)
[    3.148723] sd 2:0:0:0: [sda] Write Protect is off
[    3.149935] sd 2:0:1:0: Attached scsi generic sg1 type 0
[    3.151036] sd 2:0:1:0: [sdb] 20480 512-byte logical blocks: (10.5 MB/10.0 MiB)
[    3.152709] sd 2:0:1:0: [sdb] Write Protect is off
[    3.153725] sd 2:0:0:0: [sda] Incomplete mode parameter data
[    3.154892] sd 2:0:0:0: [sda] Assuming drive cache: write through
[    3.157136] sd 2:0:1:0: [sdb] Incomplete mode parameter data
[    3.159496] sd 2:0:1:0: [sdb] Assuming drive cache: write through
[    3.169035]  sda: sda1
[    3.171148] sd 2:0:0:0: [sda] Attached SCSI disk
[    3.173569] sd 2:0:1:0: [sdb] Attached SCSI disk
[    3.633943] e1000 0000:00:08.0 eth1: (PCI:33MHz:32-bit) 08:00:27:a3:e5:15
[    3.635349] e1000 0000:00:08.0 eth1: Intel(R) PRO/1000 Network Connection
[    3.638721] e1000 0000:00:03.0 enp0s3: renamed from eth0
[    3.642245] e1000 0000:00:08.0 enp0s8: renamed from eth1
Begin: Loading essential drivers ... [    3.856328] raid6: sse2x1   gen()  9783 MB/s
[    3.904373] raid6: sse2x1   xor()  6754 MB/s
[    3.952105] raid6: sse2x2   gen() 10878 MB/s
[    4.000189] raid6: sse2x2   xor()  6723 MB/s
[    4.052281] raid6: sse2x4   gen()  8601 MB/s
[    4.100413] raid6: sse2x4   xor()  5480 MB/s
[    4.148518] raid6: avx2x1   gen() 13255 MB/s
[    4.196150] raid6: avx2x1   xor()  9461 MB/s
[    4.244392] raid6: avx2x2   gen() 16087 MB/s
[    4.292321] raid6: avx2x2   xor()  8497 MB/s
[    4.340781] raid6: avx2x4   gen() 12040 MB/s
[    4.388418] raid6: avx2x4   xor() 14916 MB/s
[    4.389647] raid6: using algorithm avx2x2 gen() 16087 MB/s
[    4.391055] raid6: .... xor() 8497 MB/s, rmw enabled
[    4.392324] raid6: using avx2x2 recovery algorithm
[    4.396593] xor: automatically using best checksumming function   avx       
[    4.400235] async_tx: api initialized (async)
done.
Begin: Running /scripts/init-premount ... done.
Begin: Mounting root file system ... Begin: Running /scripts/local-top ... done.
Begin: Running /scripts/local-premount ... [    4.476623] Btrfs loaded, crc32c=crc32c-intel
Scanning for Btrfs filesystems
done.
Begin: Will now check root file system ... fsck from util-linux 2.31.1
[/sbin/fsck.ext4 (1) -- /dev/sda1] fsck.ext4 -a -C0 /dev/sda1 
cloudimg-rootfs: clean, 88022/5120000 files, 749452/10485499 blocks
done.
[    4.548284] EXT4-fs (sda1): mounted filesystem with ordered data mode. Opts: (null)
done.
Begin: Running /scripts/local-bottom ... done.
Begin: Running /scripts/init-bottom ... done.
[    4.771278] ip_tables: (C) 2000-2006 Netfilter Core Team
[    4.797192] systemd[1]: systemd 237 running in system mode. (+PAM +AUDIT +SELINUX +IMA +APPARMOR +SMACK +SYSVINIT +UTMP +LIBCRYPTSETUP +GCRYPT +GNUTLS +ACL +XZ +LZ4 +SECCOMP +BLKID +ELFUTILS +KMOD -IDN2 +IDN -PCRE2 default-hierarchy=hybrid)
[    4.806393] systemd[1]: Detected virtualization oracle.
[    4.808489] systemd[1]: Detected architecture x86-64.

Welcome to [1mUbuntu 18.04.5 LTS[0m!

[    4.825307] systemd[1]: Set hostname to <mas-ub>.
[    5.201591] systemd[1]: Created slice System Slice.
[[0;32m  OK  [0m] Created slice System Slice.
[    5.205178] systemd[1]: Created slice system-serial\x2dgetty.slice.
[[0;32m  OK  [0m] Created slice system-serial\x2dgetty.slice.
[    5.208572] systemd[1]: Listening on /dev/initctl Compatibility Named Pipe.
[[0;32m  OK  [0m] Listening on /dev/initctl Compatibility Named Pipe.
[    5.212877] systemd[1]: Listening on Network Service Netlink Socket.
[[0;32m  OK  [0m] Listening on Network Service Netlink Socket.
[    5.229229] systemd[1]: Created slice User and Session Slice.
[[0;32m  OK  [0m] Created slice User and Session Slice.
[    5.244765] systemd[1]: Listening on Journal Socket.
[[0;32m  OK  [0m] Listening on Journal Socket.
         Mounting Huge Pages File System...
         Starting Set the console keyboard layout...
         Mounting POSIX Message Queue File System...
         Starting Load Kernel Modules...
[[0;32m  OK  [0m] Listening on Journal Socket (/dev/log).
[[0;32m  OK  [0m] Listening on Device-mapper event daemon FIFOs.
         Starting Create list of required stâ€¦ce nodes for the current kernel...
[[0;32m  OK  [0m] Listening on LVM2 poll daemon socket.
[[0;32m  OK  [0m] Listening on fsck to fsckd communication Socket.
[[0;32m  OK  [0m] Set up automount Arbitrary Executabâ€¦rmats File System Automount Point.
[    5.322309] Loading iSCSI transport class v2.0-870.
[    5.332332] iscsi: registered transport (tcp)
[    5.357597] iscsi: registered transport (iser)
[[0;32m  OK  [0m] Reached target System Time Synchronized.
[[0;32m  OK  [0m] Listening on udev Control Socket.
[[0;32m  OK  [0m] Listening on Syslog Socket.
[[0;32m  OK  [0m] Reached target User and Group Name Lookups.
[[0;32m  OK  [0m] Reached target Swap.
[[0;32m  OK  [0m] Reached target Slices.
[[0;32m  OK  [0m] Listening on LVM2 metadata daemon socket.
         Starting Remount Root and Kernel File Systems...
[[0;32m  OK  [0m] Listening on Journal Audit Socket.
         Starting Journal Service...
[[0;32m  OK  [0m] Listening on udev Kernel Socket.
         Starting udev Coldplug all Devices...
         Starting Uncomplicated firewall...
         Starting Monitoring of LVM2 mirrorsâ€¦ng dmeventd or progress polling...
         Mounting Kernel Debug File System...
[[0;32m  OK  [0m] Started Forward Password Requests to Wall Directory Watch.
[[0;32m  OK  [0m] Mounted Huge Pages File System.
[[0;32m  OK  [0m] Mounted POSIX Message Queue File System.
[[0;32m  OK  [0m] Started Load Kernel Modules.
[    5.479719] EXT4-fs (sda1): re-mounted. Opts: (null)
[[0;32m  OK  [0m] Started Create list of required staâ€¦vice nodes for the current kernel.
[[0;32m  OK  [0m] Started Remount Root and Kernel File Systems.
[[0;32m  OK  [0m] Started Uncomplicated firewall.
[[0;32m  OK  [0m] Mounted Kernel Debug File System.
[[0;32m  OK  [0m] Started LVM2 metadata daemon.
         Starting Load/Save Random Seed...
         Starting Create Static Device Nodes in /dev...
         Mounting FUSE Control File System...
         Mounting Kernel Configuration File System...
         Starting Apply Kernel Variables...
[[0;32m  OK  [0m] Started Load/Save Random Seed.
[[0;32m  OK  [0m] Mounted FUSE Control File System.
[[0;32m  OK  [0m] Mounted Kernel Configuration File System.
[[0;32m  OK  [0m] Started Create Static Device Nodes in /dev.
[[0;32m  OK  [0m] Started Monitoring of LVM2 mirrors,â€¦sing dmeventd or progress polling.
         Starting udev Kernel Device Manager...
[[0;32m  OK  [0m] Started Apply Kernel Variables.
[[0;32m  OK  [0m] Started udev Kernel Device Manager.
[[0;32m  OK  [0m] Started Journal Service.
         Starting Flush Journal to Persistent Storage...
[[0;32m  OK  [0m] Started udev Coldplug all Devices.
[[0;32m  OK  [0m] Started Flush Journal to Persistent Storage.
[[0;32m  OK  [0m] Started Set the console keyboard layout.
[[0;32m  OK  [0m] Started Dispatch Password Requests to Console Directory Watch.
[[0;32m  OK  [0m] Reached target Local Encrypted Volumes.
[[0;32m  OK  [0m] Reached target Local File Systems (Pre).
         Mounting /vagrant...
         Mounting /home/rsync...
[[0;32m  OK  [0m] Reached target Local File Systems.
         Starting Create Volatile Files and Directories...
         Starting ebtables ruleset management...
         Starting Set console font and keymap...
         Starting Tell Plymouth To Write Out Runtime Data...
         Starting AppArmor initialization...
[[0;32m  OK  [0m] Started Set console font and keymap.
[[0;32m  OK  [0m] Started Tell Plymouth To Write Out Runtime Data.
[[0;32m  OK  [0m] Started Create Volatile Files and Directories.
         Starting Update UTMP about System Boot/Shutdown...
[[0;32m  OK  [0m] Mounted /vagrant.
[[0;1;31mFAILED[0m] Failed to mount /home/rsync.
See 'systemctl status home-rsync.mount' for details.
[[0;32m  OK  [0m] Started Update UTMP about System Boot/Shutdown.
[[0;32m  OK  [0m] Started ebtables ruleset management.
[[0;32m  OK  [0m] Started AppArmor initialization.
         Starting Initial cloud-init job (pre-networking)...
         Starting Load AppArmor profiles managed internally by snapd...
[[0;32m  OK  [0m] Started Load AppArmor profiles managed internally by snapd.
[[0;32m  OK  [0m] Found device /dev/ttyS0.
[[0;32m  OK  [0m] Listening on Load/Save RF Kill Switch Status /dev/rfkill Watch.
[    9.782950] cloud-init[533]: Cloud-init v. 21.1-19-gbad84ad4-0ubuntu1~18.04.2 running 'init-local' at Fri, 28 May 2021 19:51:38 +0000. Up 9.34 seconds.
[[0;32m  OK  [0m] Started Initial cloud-init job (pre-networking).
[[0;32m  OK  [0m] Reached target Network (Pre).
         Starting Network Service...
[[0;32m  OK  [0m] Started Network Service.
         Starting Wait for Network to be Configured...
         Starting Network Name Resolution...
[[0;32m  OK  [0m] Started Network Name Resolution.
[[0;32m  OK  [0m] Reached target Host and Network Name Lookups.
[[0;32m  OK  [0m] Reached target Network.
[[0;32m  OK  [0m] Started Wait for Network to be Configured.
         Starting Initial cloud-init job (metadata service crawler)...
[   13.017521] cloud-init[711]: Cloud-init v. 21.1-19-gbad84ad4-0ubuntu1~18.04.2 running 'init' at Fri, 28 May 2021 19:51:41 +0000. Up 12.69 seconds.
[   13.019126] cloud-init[711]: ci-info: ++++++++++++++++++++++++++++++++++++++Net device info+++++++++++++++++++++++++++++++++++++++
[   13.032538] cloud-init[711]: ci-info: +--------+------+-----------------------------+---------------+--------+-------------------+
[   13.033951] cloud-init[711]: ci-info: | Device |  Up  |           Address           |      Mask     | Scope  |     Hw-Address    |
[   13.036755] cloud-init[711]: ci-info: +--------+------+-----------------------------+---------------+--------+-------------------+
[   13.041707] cloud-init[711]: ci-info: | enp0s3 | True |          10.0.2.15          | 255.255.255.0 | global | 02:79:d1:66:99:96 |
[   13.044220] cloud-init[711]: ci-info: | enp0s3 | True |  fe80::79:d1ff:fe66:9996/64 |       .       |  link  | 02:79:d1:66:99:96 |
[   13.046254] cloud-init[711]: ci-info: | enp0s8 | True |        192.168.33.100       | 255.255.255.0 | global | 08:00:27:a3:e5:15 |
[   13.060525] cloud-init[711]: ci-info: | enp0s8 | True | fe80::a00:27ff:fea3:e515/64 |       .       |  link  | 08:00:27:a3:e5:15 |
[   13.066806] cloud-init[711]: ci-info: |   lo   | True |          127.0.0.1          |   255.0.0.0   |  host  |         .         |
[   13.068245] cloud-init[711]: ci-info: |   lo   | True |           ::1/128           |       .       |  host  |         .         |
[   13.080519] cloud-init[711]: ci-info: +--------+------+-----------------------------+---------------+--------+-------------------+
[   13.082966] cloud-init[711]: ci-info: +++++++++++++++++++++++++++++Route IPv4 info+++++++++++++++++++++++++++++
[   13.088117] cloud-init[711]: ci-info: +-------+--------------+----------+-----------------+-----------+-------+
[   13.092402] cloud-init[711]: ci-info: | Route | Destination  | Gateway  |     Genmask     | Interface | Flags |
[   13.094391] cloud-init[711]: ci-info: +-------+--------------+----------+-----------------+-----------+-------+
[   13.096286] cloud-init[711]: ci-info: |   0   |   0.0.0.0    | 10.0.2.2 |     0.0.0.0     |   enp0s3  |   UG  |
[   13.100328] cloud-init[711]: ci-info: |   1   |   10.0.2.0   | 0.0.0.0  |  255.255.255.0  |   enp0s3  |   U   |
[   13.102039] cloud-init[711]: ci-info: |   2   |   10.0.2.2   | 0.0.0.0  | 255.255.255.255 |   enp0s3  |   UH  |
[   13.103449] cloud-init[711]: ci-info: |   3   | 192.168.33.0 | 0.0.0.0  |  255.255.255.0  |   enp0s8  |   U   |
[   13.105114] cloud-init[711]: ci-info: +-------+--------------+----------+-----------------+-----------+-------+
[   13.116515] cloud-init[711]: ci-info: +++++++++++++++++++Route IPv6 info+++++++++++++++++++
[   13.128403] cloud-init[711]: ci-info: +-------+-------------+---------+-----------+-------+
[   13.129715] cloud-init[711]: ci-info: | Route | Destination | Gateway | Interface | Flags |
[   13.131671] cloud-init[711]: ci-info: +-------+-------------+---------+-----------+-------+
[   13.134209] cloud-init[711]: ci-info: |   1   |  fe80::/64  |    ::   |   enp0s8  |   U   |
[   13.136492] cloud-init[711]: ci-info: |   2   |  fe80::/64  |    ::   |   enp0s3  |   U   |
[   13.140368] cloud-init[711]: ci-info: |   4   |    local    |    ::   |   enp0s3  |   U   |
[   13.142551] cloud-init[711]: ci-info: |   5   |    local    |    ::   |   enp0s8  |   U   |
[   13.143543] cloud-init[711]: ci-info: |   6   |   ff00::/8  |    ::   |   enp0s8  |   U   |
[   13.144522] cloud-init[711]: ci-info: |   7   |   ff00::/8  |    ::   |   enp0s3  |   U   |
[   13.145868] cloud-init[711]: ci-info: +-------+-------------+---------+-----------+-------+
[[0;32m  OK  [0m] Started Initial cloud-init job (metadata service crawler).
[[0;32m  OK  [0m] Reached target Cloud-config availability.
[[0;32m  OK  [0m] Reached target System Initialization.
         Starting LXD - unix socket.
[[0;32m  OK  [0m] Started ACPI Events Check.
[[0;32m  OK  [0m] Listening on Open-iSCSI iscsid Socket.
[[0;32m  OK  [0m] Started Discard unused blocks once a week.
         Starting Socket activation for snappy daemon.
[[0;32m  OK  [0m] Reached target Paths.
[[0;32m  OK  [0m] Started Ubuntu Advantage update messaging.
[[0;32m  OK  [0m] Listening on D-Bus System Message Bus Socket.
[[0;32m  OK  [0m] Started Daily apt download activities.
[[0;32m  OK  [0m] Started Message of the Day.
[[0;32m  OK  [0m] Started Daily Cleanup of Temporary Directories.
[[0;32m  OK  [0m] Listening on ACPID Listen Socket.
[[0;32m  OK  [0m] Started Daily apt upgrade and clean activities.
[[0;32m  OK  [0m] Reached target Timers.
[[0;32m  OK  [0m] Listening on UUID daemon activation socket.
[[0;32m  OK  [0m] Reached target Network is Online.
[[0;32m  OK  [0m] Reached target Remote File Systems (Pre).
[[0;32m  OK  [0m] Reached target Remote File Systems.
         Starting Availability of block devices...
[[0;32m  OK  [0m] Listening on LXD - unix socket.
[[0;32m  OK  [0m] Listening on Socket activation for snappy daemon.
[[0;32m  OK  [0m] Started Availability of block devices.
[[0;32m  OK  [0m] Reached target Sockets.
[[0;32m  OK  [0m] Reached target Basic System.
         Starting Dispatcher daemon for systemd-networkd...
         Starting Accounts Service...
         Starting LSB: Record successful boot for GRUB...
[[0;32m  OK  [0m] Started Deferred execution scheduler.
         Starting Login Service...
[[0;32m  OK  [0m] Started Regular background program processing daemon.
         Starting OpenBSD Secure Shell server...
[[0;32m  OK  [0m] Started D-Bus System Message Bus.
[[0;32m  OK  [0m] Started Login Service.
         Starting LXD - container startup/shutdown...
[[0;32m  OK  [0m] Started FUSE filesystem for LXC.
[[0;32m  OK  [0m] Started Unattended Upgrades Shutdown.
         Starting vboxadd.service...
         Starting Snap Daemon...
         Starting System Logging Service...
         Starting LSB: automatic crash report generation...
         Starting Permit User Sessions...
[[0;32m  OK  [0m] Started irqbalance daemon.
[[0;32m  OK  [0m] Started System Logging Service.
[[0;32m  OK  [0m] Started Permit User Sessions.
         Starting Hold until boot process finishes up...
         Starting Terminate Plymouth Boot Screen...
[[0;32m  OK  [0m] Started Hold until boot process finishes up.
         Starting Set console scheme...
[[0;32m  OK  [0m] Started Serial Getty on ttyS0.
[[0;32m  OK  [0m] Started Terminate Plymouth Boot Screen.
[[0;32m  OK  [0m] Started Set console scheme.
         Starting Authorization Manager...
[[0;32m  OK  [0m] Created slice system-getty.slice.
[[0;32m  OK  [0m] Started Getty on tty1.
[[0;32m  OK  [0m] Reached target Login Prompts.
[[0;32m  OK  [0m] Started LXD - container startup/shutdown.
[[0;32m  OK  [0m] Started OpenBSD Secure Shell server.
[[0;32m  OK  [0m] Started LSB: Record successful boot for GRUB.
[[0;32m  OK  [0m] Started LSB: automatic crash report generation.
[[0;32m  OK  [0m] Started Authorization Manager.
[[0;32m  OK  [0m] Started Accounts Service.
[[0;32m  OK  [0m] Created slice User Slice of vagrant.
         Starting User Manager for UID 1000...
[[0;32m  OK  [0m] Started Session 1 of user vagrant.
[[0;32m  OK  [0m] Started User Manager for UID 1000.
[[0;32m  OK  [0m] Started Dispatcher daemon for systemd-networkd.
[[0;32m  OK  [0m] Started Snap Daemon.
         Starting Wait until snapd is fully seeded...
[[0;32m  OK  [0m] Started Wait until snapd is fully seeded.
         Starting Apply the settings specified in cloud-config...
[[0;32m  OK  [0m] Started vboxadd.service.
         Starting vboxadd-service.service...
[[0;32m  OK  [0m] Started vboxadd-service.service.
[[0;32m  OK  [0m] Reached target Multi-User System.
[[0;32m  OK  [0m] Reached target Graphical Interface.
         Starting Update UTMP about System Runlevel Changes...
[[0;32m  OK  [0m] Started Update UTMP about System Runlevel Changes.
[   19.818018] cloud-init[966]: Cloud-init v. 21.1-19-gbad84ad4-0ubuntu1~18.04.2 running 'modules:config' at Fri, 28 May 2021 19:51:48 +0000. Up 19.40 seconds.

Ubuntu 18.04.5 LTS mas-ub ttyS0

mas-ub login: [   21.492268] cloud-init[1247]: Cloud-init v. 21.1-19-gbad84ad4-0ubuntu1~18.04.2 running 'modules:final' at Fri, 28 May 2021 19:51:49 +0000. Up 21.12 seconds.
[   21.494752] cloud-init[1247]: Cloud-init v. 21.1-19-gbad84ad4-0ubuntu1~18.04.2 finished at Fri, 28 May 2021 19:51:50 +0000. Datasource DataSourceNoCloud [seed=/dev/sdb][dsmode=net].  Up 21.47 seconds
